// Jest Snapshot v1, https://goo.gl/fbAQLP

exports[`Header component renders Header 1`] = `
<DocumentFragment>
  <a
    href="/"
  >
    <button>
      Home
    </button>
  </a>
</DocumentFragment>
`;
