// Jest Snapshot v1, https://goo.gl/fbAQLP

exports[`CharacterDetail component renders CharacterDetail 1`] = `
<DocumentFragment>
  <section>
    <figure>
      <img
        src="https://vignette.wikia.nocookie.net/heyarnold/images/f/f5/Arnold.png/revision/latest?cb=20181027162333"
      />
      <figcaption>
        <h1>
          Arnold Shortman
        </h1>
      </figcaption>
    </figure>
  </section>
</DocumentFragment>
`;
